command: familiar-ai resume PRD-76
date: Tue Sep  1 04:30:59 PM UTC 2026
host: trollboy (Linux)
head: 1b2776d1351182c5ec786bc5ba68852ab72eaf60 (0 dirty files)
binary: /home/trollboy/.local/bin/familiar-ai
---
review: verification 'format' running...
verification: heartbeat check=format elapsed_ms=0 child=pending-spawn
verification: heartbeat check=format elapsed_ms=0 child=pid:2219379
verification: heartbeat check=format elapsed_ms=4648 child=pid:2219379
review: verification 'lint' running...
verification: heartbeat check=lint elapsed_ms=0 child=pending-spawn
verification: heartbeat check=lint elapsed_ms=0 child=pid:2219950
verification: heartbeat check=lint elapsed_ms=26575 child=pid:2219950
review: verification 'tests-green-crates' running...
verification: heartbeat check=tests-green-crates elapsed_ms=0 child=pending-spawn
verification: heartbeat check=tests-green-crates elapsed_ms=0 child=pid:2223985
verification: heartbeat check=tests-green-crates elapsed_ms=30000 child=pid:2223985
verification: heartbeat check=tests-green-crates elapsed_ms=52015 child=pid:2223985
review: verification 'tests-workspace-advisory' running...
verification: heartbeat check=tests-workspace-advisory elapsed_ms=0 child=pending-spawn
verification: heartbeat check=tests-workspace-advisory elapsed_ms=0 child=pid:2229708
verification: heartbeat check=tests-workspace-advisory elapsed_ms=30000 child=pid:2229708
verification: heartbeat check=tests-workspace-advisory elapsed_ms=60001 child=pid:2229708
verification: heartbeat check=tests-workspace-advisory elapsed_ms=90000 child=pid:2229708
verification: heartbeat check=tests-workspace-advisory elapsed_ms=120001 child=pid:2229708
verification: heartbeat check=tests-workspace-advisory elapsed_ms=140406 child=pid:2229708
Review disposition: HumanReviewRequired; waivers: []; independence: None; stop reasons: [VerificationUnsuccessful]
HumanReviewRequired prd=PRD-76
stop_reasons=["verification_unsuccessful"]
scope_finding expected_file_declaration: declared in Expected Files within allowed path 'crates/'
scope_finding expected_file_declaration: declared in Expected Files within allowed path 'crates/'
scope_finding expected_file_declaration: declared in Expected Files within allowed path 'crates/'
scope_finding expected_file_declaration: declared in Expected Files within allowed path 'crates/'
scope_finding expected_file_declaration: declared in Expected Files within allowed path 'crates/'
scope_finding expected_file_declaration: declared in Expected Files within allowed path 'crates/'
scope_finding expected_file_declaration: declared in Expected Files within allowed path 'crates/'
scope_finding expected_file_declaration: declared in Expected Files within allowed path 'crates/'
scope_finding expected_file_declaration: declared in Expected Files within allowed path 'crates/'
scope_finding expected_file_declaration: declared in Expected Files within allowed path 'crates/'
scope_finding expected_file_declaration: declared in Expected Files within allowed path 'crates/'
scope_finding expected_file_declaration: declared in Expected Files within allowed path 'crates/'
scope_finding expected_file_declaration: declared in Expected Files within allowed path 'crates/'
scope_finding expected_file_declaration: declared in Expected Files within allowed path 'crates/'
scope_finding expected_file_declaration: declared in Expected Files within allowed path 'crates/'
scope_finding expected_file_declaration: declared in Expected Files within allowed path 'crates/'
scope_finding expected_file_declaration: declared in Expected Files within allowed path 'crates/'
scope_finding expected_file_declaration: declared in Expected Files within allowed path 'crates/'
scope_finding expected_file_declaration: declared in Expected Files within allowed path 'crates/'
scope_finding expected_file_declaration: declared in Expected Files within allowed path 'crates/'
scope_finding expected_file_declaration: declared in Expected Files within allowed path 'crates/'
scope_finding expected_file_declaration: declared in Expected Files within allowed path 'crates/'
scope_finding expected_file_declaration: declared in Expected Files within allowed path 'crates/'
scope_finding expected_file_declaration: declared in Expected Files within allowed path 'crates/'
scope_finding configured_allowed_path: within configured allowed path 'crates/'
scope_finding expected_file_declaration: declared in Expected Files within allowed path 'crates/'
scope_finding expected_file_declaration: declared in Expected Files within allowed path 'crates/'
scope_finding expected_file_declaration: declared in Expected Files within allowed path 'crates/'
scope_finding expected_file_declaration: declared in Expected Files within allowed path 'crates/'
scope_finding expected_file_declaration: declared in Expected Files within allowed path 'crates/'
scope_finding expected_file_declaration: declared in Expected Files within allowed path 'crates/'
scope_finding expected_file_declaration: declared in Expected Files within allowed path 'crates/'
scope_finding expected_file_declaration: declared in Expected Files within allowed path 'crates/'
scope_finding expected_file_declaration: declared in Expected Files within allowed path 'crates/'
scope_finding expected_file_declaration: declared in Expected Files within allowed path 'crates/'
scope_finding expected_file_declaration: declared in Expected Files within allowed path 'crates/'
scope_finding expected_file_declaration: declared in Expected Files within allowed path 'crates/'
scope_finding expected_file_declaration: declared in Expected Files within allowed path 'crates/'
scope_finding expected_file_declaration: declared in Expected Files within allowed path 'crates/'
scope_finding expected_file_declaration: declared in Expected Files within allowed path 'crates/'
scope_finding expected_file_declaration: declared in Expected Files within allowed path 'crates/'
scope_finding expected_file_declaration: declared in Expected Files within allowed path 'crates/'
scope_finding expected_file_declaration: declared in Expected Files within allowed path 'crates/'
scope_finding expected_file_declaration: declared in Expected Files within allowed path 'crates/'
scope_finding configured_allowed_path: within configured allowed path 'crates/'
scope_finding configured_allowed_path: within configured allowed path 'crates/'
scope_finding configured_allowed_path: within configured allowed path 'crates/'
scope_finding prd_expected_file_expansion: outside static allowed paths but declared at Expected Files line 8
scope_finding prd_expected_file_expansion: outside static allowed paths but declared at Expected Files line 8
scope_finding prd_expected_file_expansion: outside static allowed paths but declared at Expected Files line 8
scope_finding prd_expected_file_expansion: outside static allowed paths but declared at Expected Files line 8
scope_finding prd_expected_file_expansion: outside static allowed paths but declared at Expected Files line 8
scope_finding prd_expected_file_expansion: outside static allowed paths but declared at Expected Files line 8
scope_finding prd_expected_file_expansion: outside static allowed paths but declared at Expected Files line 8
scope_finding prd_expected_file_expansion: outside static allowed paths but declared at Expected Files line 9
scope_finding prd_expected_file_expansion: outside static allowed paths but declared at Expected Files line 9
scope_finding prd_expected_file_expansion: outside static allowed paths but declared at Expected Files line 9
scope_finding prd_expected_file_expansion: outside static allowed paths but declared at Expected Files line 9
scope_finding prd_expected_file_expansion: outside static allowed paths but declared at Expected Files line 9
scope_finding prd_expected_file_expansion: outside static allowed paths but declared at Expected Files line 9
scope_finding prd_expected_file_expansion: outside static allowed paths but declared at Expected Files line 9
scope_finding prd_expected_file_expansion: outside static allowed paths but declared at Expected Files line 9
scope_finding prd_expected_file_expansion: outside static allowed paths but declared at Expected Files line 9
scope_finding prd_expected_file_expansion: outside static allowed paths but declared at Expected Files line 9
scope_finding prd_expected_file_expansion: outside static allowed paths but declared at Expected Files line 9
scope_finding prd_expected_file_expansion: outside static allowed paths but declared at Expected Files line 9
non-interactive input: preserving checkpoint
error: PRD-76: human review required
---
exit: 1
