command: familiar-ai resume PRD-63
date: Thu Sep  3 10:26:11 PM UTC 2026
host: trollboy (Linux)
head: f13f106a6b15b1344629743848bfbd8d97467158 (0 dirty files)
binary: /home/trollboy/.local/bin/familiar-ai
---
scope: durable approvals loaded=9 key=/home/trollboy/Projects/familiar-ai/.git
review: verification 'format' running...
verification: heartbeat check=format elapsed_ms=0 child=pending-spawn
verification: heartbeat check=format elapsed_ms=0 child=pid:2611156
verification: heartbeat check=format elapsed_ms=8338 child=pid:2611156
review: verification 'lint' running...
verification: heartbeat check=lint elapsed_ms=0 child=pending-spawn
verification: heartbeat check=lint elapsed_ms=0 child=pid:2611821
verification: heartbeat check=lint elapsed_ms=30003 child=pid:2611821
verification: heartbeat check=lint elapsed_ms=33277 child=pid:2611821
review: verification 'tests-green-crates' running...
verification: heartbeat check=tests-green-crates elapsed_ms=0 child=pending-spawn
verification: heartbeat check=tests-green-crates elapsed_ms=0 child=pid:2616532
verification: heartbeat check=tests-green-crates elapsed_ms=30001 child=pid:2616532
verification: heartbeat check=tests-green-crates elapsed_ms=60004 child=pid:2616532
verification: heartbeat check=tests-green-crates elapsed_ms=72377 child=pid:2616532
review: verification 'tests-workspace-advisory' running...
verification: heartbeat check=tests-workspace-advisory elapsed_ms=0 child=pending-spawn
verification: heartbeat check=tests-workspace-advisory elapsed_ms=0 child=pid:2625774
verification: heartbeat check=tests-workspace-advisory elapsed_ms=30000 child=pid:2625774
verification: heartbeat check=tests-workspace-advisory elapsed_ms=60002 child=pid:2625774
verification: heartbeat check=tests-workspace-advisory elapsed_ms=90004 child=pid:2625774
verification: heartbeat check=tests-workspace-advisory elapsed_ms=120002 child=pid:2625774
verification: heartbeat check=tests-workspace-advisory elapsed_ms=150004 child=pid:2625774
verification: heartbeat check=tests-workspace-advisory elapsed_ms=180005 child=pid:2625774
verification: heartbeat check=tests-workspace-advisory elapsed_ms=210001 child=pid:2625774
verification: heartbeat check=tests-workspace-advisory elapsed_ms=219034 child=pid:2625774
Review disposition: HumanReviewRequired; waivers: []; independence: None; stop reasons: [VerificationUnsuccessful]
HumanReviewRequired prd=PRD-63
stop_reasons=["verification_unsuccessful"]
scope_finding configured_allowed_path: within configured allowed path 'crates/'
scope_finding expected_file_declaration: declared in Expected Files within allowed path 'crates/'
scope_finding expected_file_declaration: declared in Expected Files within allowed path 'crates/'
scope_finding configured_allowed_path: within configured allowed path 'crates/'
scope_finding expected_file_declaration: declared in Expected Files within allowed path 'crates/'
scope_finding configured_allowed_path: within configured allowed path 'crates/'
scope_finding configured_allowed_path: within configured allowed path 'crates/'
scope_finding configured_allowed_path: within configured allowed path 'crates/'
scope_finding expected_file_declaration: declared in Expected Files within allowed path 'crates/'
scope_finding file_class:test:declared_surface_coverage: test exercises the declared surface 'crates/familiar-ai-daemon/src/local_worker_runtime.rs'; required coverage is within scope authority
scope_finding file_class:test:declared_surface_coverage: test exercises the declared surface 'crates/familiar-ai-daemon/src/local_worker_runtime.rs'; required coverage is within scope authority
scope_finding expected_file_declaration: declared in Expected Files within allowed path 'crates/'
scope_finding file_class:test:declared_surface_coverage: test exercises the declared surface 'crates/familiar-ai-daemon/src/local_worker_runtime.rs'; required coverage is within scope authority
scope_finding configured_allowed_path: within configured allowed path 'crates/'
scope_finding expected_file_declaration: declared in Expected Files within allowed path 'crates/'
scope_finding configured_allowed_path: within configured allowed path 'crates/'
scope_finding expected_file_declaration: declared in Expected Files within allowed path 'crates/'
scope_finding configured_allowed_path: within configured allowed path 'crates/'
scope_finding expected_file_declaration: declared in Expected Files within allowed path 'crates/'
scope_finding configured_allowed_path: within configured allowed path 'crates/'
scope_finding prd_expected_file_expansion: outside static allowed paths but declared at Expected Files line 3
non-interactive input: preserving checkpoint
error: PRD-63: human review required
---
exit: 1
